luna:~$ psql -h localhost -p 5432 -U postgres -d postgres
Password for user postgres: 
psql (14.19 (Ubuntu 14.19-0ubuntu0.22.04.1))
SSL connection (protocol: TLSv1.3, cipher: TLS_AES_256_GCM_SHA384, bits: 256, compression: off)
Type "help" for help.

postgres=# CREATE TABLE students (
postgres(# student_id SERIAL PRIMARY KEY,
postgres(# name text,
postgres(# email text
postgres(# )
postgres-# ;
CREATE TABLE
postgres=# INSERT INTO students (name, email) VALUES
postgres-# ('Luna Maltseva', 'maltseva_l@auca.kg'),
postgres-# ('Iris Feverenn', 'feverenn_i@auca.kg'),
postgres-# ('Light Thezeraine', 'thezeraine_l@auca.kg');
INSERT 0 3
postgres-# \d students
                                  Table "public.students"
   Column   |  Type   | Collation | Nullable |                   Default                    
------------+---------+-----------+----------+----------------------------------------------
 student_id | integer |           | not null | nextval('students_student_id_seq'::regclass)
 name       | text    |           |          | 
 email      | text    |           |          | 
Indexes:
    "students_pkey" PRIMARY KEY, btree (student_id)

postgres=# CREATE TABLE transactions (
postgres(# transaction_id INTEGER GENERATED BY DEFAULT AS IDENTITY PRIMARY KEY,
postgres(# customer_name VARCHAR(100),
postgres(# order_date DATE DEFAULT CURRENT_DATE
postgres(# );
CREATE TABLE
postgres=# INSERT INTO transactions VALUES (1, 'Luna');
INSERT 0 1
postgres=# INSERT INTO transactions VALUES (1, 'Iris');
ERROR:  duplicate key value violates unique constraint "transactions_pkey"
DETAIL:  Key (transaction_id)=(1) already exists.
postgres=# INSERT INTO transactions VALUES (NULL, 'Light');
ERROR:  null value in column "transaction_id" of relation "transactions" violates not-null constraint
DETAIL:  Failing row contains (null, Iris, 2025-09-11).
postgres-# \q